2026-09-28 17:51:45,498 ERROR cartera Error creando el credito: NOT NULL constraint failed: cartera_credito.fecha_estimada_fin
Traceback (most recent call last):
  File "C:\Users\User\Documents\Proyecto predeterminado\credito\.venv\Lib\site-packages\django\db\backends\utils.py", line 105, in _execute
    return self.cursor.execute(sql, params)
           ~~~~~~~~~~~~~~~~~~~^^^^^^^^^^^^^
  File "C:\Users\User\Documents\Proyecto predeterminado\credito\.venv\Lib\site-packages\django\db\backends\sqlite3\base.py", line 359, in execute
    return super().execute(query, params)
           ~~~~~~~~~~~~~~~^^^^^^^^^^^^^^^
sqlite3.IntegrityError: NOT NULL constraint failed: cartera_credito.fecha_estimada_fin

The above exception was the direct cause of the following exception:

Traceback (most recent call last):
  File "C:\Users\User\Documents\Proyecto predeterminado\credito\cartera\vistas\creditos.py", line 120, in nuevo_credito
    credito.save()
    ~~~~~~~~~~~~^^
  File "C:\Users\User\Documents\Proyecto predeterminado\credito\.venv\Lib\site-packages\django\db\models\base.py", line 904, in save
    self.save_base(
    ~~~~~~~~~~~~~~^
        using=using,
        ^^^^^^^^^^^^
    ...<2 lines>...
        update_fields=update_fields,
        ^^^^^^^^^^^^^^^^^^^^^^^^^^^^
    )
    ^
  File "C:\Users\User\Documents\Proyecto predeterminado\credito\.venv\Lib\site-packages\django\db\models\base.py", line 996, in save_base
    updated = self._save_table(
        raw,
    ...<4 lines>...
        update_fields,
    )
  File "C:\Users\User\Documents\Proyecto predeterminado\credito\.venv\Lib\site-packages\django\db\models\base.py", line 1201, in _save_table
    results = self._do_insert(
        cls._base_manager, using, insert_fields, returning_fields, raw
    )
  File "C:\Users\User\Documents\Proyecto predeterminado\credito\.venv\Lib\site-packages\django\db\models\base.py", line 1253, in _do_insert
    return manager._insert(
           ~~~~~~~~~~~~~~~^
        [self],
        ^^^^^^^
    ...<3 lines>...
        raw=raw,
        ^^^^^^^^
    )
    ^
  File "C:\Users\User\Documents\Proyecto predeterminado\credito\.venv\Lib\site-packages\django\db\models\manager.py", line 87, in manager_method
    return getattr(self.get_queryset(), name)(*args, **kwargs)
           ~~~~~~~~~~~~~~~~~~~~~~~~~~~~~~~~~~^^^^^^^^^^^^^^^^^
  File "C:\Users\User\Documents\Proyecto predeterminado\credito\.venv\Lib\site-packages\django\db\models\query.py", line 2166, in _insert
    return query.get_compiler(using=using).execute_sql(returning_fields)
           ~~~~~~~~~~~~~~~~~~~~~~~~~~~~~~~~~~~~~~~~~~~^^^^^^^^^^^^^^^^^^
  File "C:\Users\User\Documents\Proyecto predeterminado\credito\.venv\Lib\site-packages\django\db\models\sql\compiler.py", line 1954, in execute_sql
    cursor.execute(sql, params)
    ~~~~~~~~~~~~~~^^^^^^^^^^^^^
  File "C:\Users\User\Documents\Proyecto predeterminado\credito\.venv\Lib\site-packages\django\db\backends\utils.py", line 79, in execute
    return self._execute_with_wrappers(
           ~~~~~~~~~~~~~~~~~~~~~~~~~~~^
        sql, params, many=False, executor=self._execute
        ^^^^^^^^^^^^^^^^^^^^^^^^^^^^^^^^^^^^^^^^^^^^^^^
    )
    ^
  File "C:\Users\User\Documents\Proyecto predeterminado\credito\.venv\Lib\site-packages\django\db\backends\utils.py", line 92, in _execute_with_wrappers
    return executor(sql, params, many, context)
  File "C:\Users\User\Documents\Proyecto predeterminado\credito\.venv\Lib\site-packages\django\db\backends\utils.py", line 100, in _execute
    with self.db.wrap_database_errors:
         ^^^^^^^^^^^^^^^^^^^^^^^^^^^^
  File "C:\Users\User\Documents\Proyecto predeterminado\credito\.venv\Lib\site-packages\django\db\utils.py", line 94, in __exit__
    raise dj_exc_value.with_traceback(traceback) from exc_value
  File "C:\Users\User\Documents\Proyecto predeterminado\credito\.venv\Lib\site-packages\django\db\backends\utils.py", line 105, in _execute
    return self.cursor.execute(sql, params)
           ~~~~~~~~~~~~~~~~~~~^^^^^^^^^^^^^
  File "C:\Users\User\Documents\Proyecto predeterminado\credito\.venv\Lib\site-packages\django\db\backends\sqlite3\base.py", line 359, in execute
    return super().execute(query, params)
           ~~~~~~~~~~~~~~~^^^^^^^^^^^^^^^
django.db.utils.IntegrityError: NOT NULL constraint failed: cartera_credito.fecha_estimada_fin
2026-09-28 17:52:14,239 ERROR cartera Error creando el credito: NOT NULL constraint failed: cartera_credito.fecha_estimada_fin
Traceback (most recent call last):
  File "C:\Users\User\Documents\Proyecto predeterminado\credito\.venv\Lib\site-packages\django\db\backends\utils.py", line 105, in _execute
    return self.cursor.execute(sql, params)
           ~~~~~~~~~~~~~~~~~~~^^^^^^^^^^^^^
  File "C:\Users\User\Documents\Proyecto predeterminado\credito\.venv\Lib\site-packages\django\db\backends\sqlite3\base.py", line 359, in execute
    return super().execute(query, params)
           ~~~~~~~~~~~~~~~^^^^^^^^^^^^^^^
sqlite3.IntegrityError: NOT NULL constraint failed: cartera_credito.fecha_estimada_fin

The above exception was the direct cause of the following exception:

Traceback (most recent call last):
  File "C:\Users\User\Documents\Proyecto predeterminado\credito\cartera\vistas\creditos.py", line 120, in nuevo_credito
    credito.save()
    ~~~~~~~~~~~~^^
  File "C:\Users\User\Documents\Proyecto predeterminado\credito\.venv\Lib\site-packages\django\db\models\base.py", line 904, in save
    self.save_base(
    ~~~~~~~~~~~~~~^
        using=using,
        ^^^^^^^^^^^^
    ...<2 lines>...
        update_fields=update_fields,
        ^^^^^^^^^^^^^^^^^^^^^^^^^^^^
    )
    ^
  File "C:\Users\User\Documents\Proyecto predeterminado\credito\.venv\Lib\site-packages\django\db\models\base.py", line 996, in save_base
    updated = self._save_table(
        raw,
    ...<4 lines>...
        update_fields,
    )
  File "C:\Users\User\Documents\Proyecto predeterminado\credito\.venv\Lib\site-packages\django\db\models\base.py", line 1201, in _save_table
    results = self._do_insert(
        cls._base_manager, using, insert_fields, returning_fields, raw
    )
  File "C:\Users\User\Documents\Proyecto predeterminado\credito\.venv\Lib\site-packages\django\db\models\base.py", line 1253, in _do_insert
    return manager._insert(
           ~~~~~~~~~~~~~~~^
        [self],
        ^^^^^^^
    ...<3 lines>...
        raw=raw,
        ^^^^^^^^
    )
    ^
  File "C:\Users\User\Documents\Proyecto predeterminado\credito\.venv\Lib\site-packages\django\db\models\manager.py", line 87, in manager_method
    return getattr(self.get_queryset(), name)(*args, **kwargs)
           ~~~~~~~~~~~~~~~~~~~~~~~~~~~~~~~~~~^^^^^^^^^^^^^^^^^
  File "C:\Users\User\Documents\Proyecto predeterminado\credito\.venv\Lib\site-packages\django\db\models\query.py", line 2166, in _insert
    return query.get_compiler(using=using).execute_sql(returning_fields)
           ~~~~~~~~~~~~~~~~~~~~~~~~~~~~~~~~~~~~~~~~~~~^^^^^^^^^^^^^^^^^^
  File "C:\Users\User\Documents\Proyecto predeterminado\credito\.venv\Lib\site-packages\django\db\models\sql\compiler.py", line 1954, in execute_sql
    cursor.execute(sql, params)
    ~~~~~~~~~~~~~~^^^^^^^^^^^^^
  File "C:\Users\User\Documents\Proyecto predeterminado\credito\.venv\Lib\site-packages\django\db\backends\utils.py", line 79, in execute
    return self._execute_with_wrappers(
           ~~~~~~~~~~~~~~~~~~~~~~~~~~~^
        sql, params, many=False, executor=self._execute
        ^^^^^^^^^^^^^^^^^^^^^^^^^^^^^^^^^^^^^^^^^^^^^^^
    )
    ^
  File "C:\Users\User\Documents\Proyecto predeterminado\credito\.venv\Lib\site-packages\django\db\backends\utils.py", line 92, in _execute_with_wrappers
    return executor(sql, params, many, context)
  File "C:\Users\User\Documents\Proyecto predeterminado\credito\.venv\Lib\site-packages\django\db\backends\utils.py", line 100, in _execute
    with self.db.wrap_database_errors:
         ^^^^^^^^^^^^^^^^^^^^^^^^^^^^
  File "C:\Users\User\Documents\Proyecto predeterminado\credito\.venv\Lib\site-packages\django\db\utils.py", line 94, in __exit__
    raise dj_exc_value.with_traceback(traceback) from exc_value
  File "C:\Users\User\Documents\Proyecto predeterminado\credito\.venv\Lib\site-packages\django\db\backends\utils.py", line 105, in _execute
    return self.cursor.execute(sql, params)
           ~~~~~~~~~~~~~~~~~~~^^^^^^^^^^^^^
  File "C:\Users\User\Documents\Proyecto predeterminado\credito\.venv\Lib\site-packages\django\db\backends\sqlite3\base.py", line 359, in execute
    return super().execute(query, params)
           ~~~~~~~~~~~~~~~^^^^^^^^^^^^^^^
django.db.utils.IntegrityError: NOT NULL constraint failed: cartera_credito.fecha_estimada_fin
2026-09-28 17:52:49,432 ERROR cartera Error creando el credito: NOT NULL constraint failed: cartera_credito.fecha_estimada_fin
Traceback (most recent call last):
  File "C:\Users\User\Documents\Proyecto predeterminado\credito\.venv\Lib\site-packages\django\db\backends\utils.py", line 105, in _execute
    return self.cursor.execute(sql, params)
           ~~~~~~~~~~~~~~~~~~~^^^^^^^^^^^^^
  File "C:\Users\User\Documents\Proyecto predeterminado\credito\.venv\Lib\site-packages\django\db\backends\sqlite3\base.py", line 359, in execute
    return super().execute(query, params)
           ~~~~~~~~~~~~~~~^^^^^^^^^^^^^^^
sqlite3.IntegrityError: NOT NULL constraint failed: cartera_credito.fecha_estimada_fin

The above exception was the direct cause of the following exception:

Traceback (most recent call last):
  File "C:\Users\User\Documents\Proyecto predeterminado\credito\cartera\vistas\creditos.py", line 120, in nuevo_credito
    credito.save()
    ~~~~~~~~~~~~^^
  File "C:\Users\User\Documents\Proyecto predeterminado\credito\.venv\Lib\site-packages\django\db\models\base.py", line 904, in save
    self.save_base(
    ~~~~~~~~~~~~~~^
        using=using,
        ^^^^^^^^^^^^
    ...<2 lines>...
        update_fields=update_fields,
        ^^^^^^^^^^^^^^^^^^^^^^^^^^^^
    )
    ^
  File "C:\Users\User\Documents\Proyecto predeterminado\credito\.venv\Lib\site-packages\django\db\models\base.py", line 996, in save_base
    updated = self._save_table(
        raw,
    ...<4 lines>...
        update_fields,
    )
  File "C:\Users\User\Documents\Proyecto predeterminado\credito\.venv\Lib\site-packages\django\db\models\base.py", line 1201, in _save_table
    results = self._do_insert(
        cls._base_manager, using, insert_fields, returning_fields, raw
    )
  File "C:\Users\User\Documents\Proyecto predeterminado\credito\.venv\Lib\site-packages\django\db\models\base.py", line 1253, in _do_insert
    return manager._insert(
           ~~~~~~~~~~~~~~~^
        [self],
        ^^^^^^^
    ...<3 lines>...
        raw=raw,
        ^^^^^^^^
    )
    ^
  File "C:\Users\User\Documents\Proyecto predeterminado\credito\.venv\Lib\site-packages\django\db\models\manager.py", line 87, in manager_method
    return getattr(self.get_queryset(), name)(*args, **kwargs)
           ~~~~~~~~~~~~~~~~~~~~~~~~~~~~~~~~~~^^^^^^^^^^^^^^^^^
  File "C:\Users\User\Documents\Proyecto predeterminado\credito\.venv\Lib\site-packages\django\db\models\query.py", line 2166, in _insert
    return query.get_compiler(using=using).execute_sql(returning_fields)
           ~~~~~~~~~~~~~~~~~~~~~~~~~~~~~~~~~~~~~~~~~~~^^^^^^^^^^^^^^^^^^
  File "C:\Users\User\Documents\Proyecto predeterminado\credito\.venv\Lib\site-packages\django\db\models\sql\compiler.py", line 1954, in execute_sql
    cursor.execute(sql, params)
    ~~~~~~~~~~~~~~^^^^^^^^^^^^^
  File "C:\Users\User\Documents\Proyecto predeterminado\credito\.venv\Lib\site-packages\django\db\backends\utils.py", line 79, in execute
    return self._execute_with_wrappers(
           ~~~~~~~~~~~~~~~~~~~~~~~~~~~^
        sql, params, many=False, executor=self._execute
        ^^^^^^^^^^^^^^^^^^^^^^^^^^^^^^^^^^^^^^^^^^^^^^^
    )
    ^
  File "C:\Users\User\Documents\Proyecto predeterminado\credito\.venv\Lib\site-packages\django\db\backends\utils.py", line 92, in _execute_with_wrappers
    return executor(sql, params, many, context)
  File "C:\Users\User\Documents\Proyecto predeterminado\credito\.venv\Lib\site-packages\django\db\backends\utils.py", line 100, in _execute
    with self.db.wrap_database_errors:
         ^^^^^^^^^^^^^^^^^^^^^^^^^^^^
  File "C:\Users\User\Documents\Proyecto predeterminado\credito\.venv\Lib\site-packages\django\db\utils.py", line 94, in __exit__
    raise dj_exc_value.with_traceback(traceback) from exc_value
  File "C:\Users\User\Documents\Proyecto predeterminado\credito\.venv\Lib\site-packages\django\db\backends\utils.py", line 105, in _execute
    return self.cursor.execute(sql, params)
           ~~~~~~~~~~~~~~~~~~~^^^^^^^^^^^^^
  File "C:\Users\User\Documents\Proyecto predeterminado\credito\.venv\Lib\site-packages\django\db\backends\sqlite3\base.py", line 359, in execute
    return super().execute(query, params)
           ~~~~~~~~~~~~~~~^^^^^^^^^^^^^^^
django.db.utils.IntegrityError: NOT NULL constraint failed: cartera_credito.fecha_estimada_fin
2026-09-28 18:44:18,029 ERROR cartera Error registrando pago: registrar_pago() missing 1 required positional argument: 'request'
Traceback (most recent call last):
  File "C:\Users\User\Documents\Proyecto predeterminado\credito\cartera\vistas\cobranza.py", line 176, in registrar_pago
    pago, detalles = registrar_pago(
                     ~~~~~~~~~~~~~~^
        credito=credito,
        ^^^^^^^^^^^^^^^^
    ...<9 lines>...
            form.cleaned_data.get("es_anticipo_confirmado")),
            ^^^^^^^^^^^^^^^^^^^^^^^^^^^^^^^^^^^^^^^^^^^^^^^^^
    )
    ^
TypeError: registrar_pago() missing 1 required positional argument: 'request'
2026-09-28 18:45:03,900 ERROR cartera Error registrando pago: registrar_pago() missing 1 required positional argument: 'request'
Traceback (most recent call last):
  File "C:\Users\User\Documents\Proyecto predeterminado\credito\cartera\vistas\cobranza.py", line 176, in registrar_pago
    pago, detalles = registrar_pago(
                     ~~~~~~~~~~~~~~^
        credito=credito,
        ^^^^^^^^^^^^^^^^
    ...<9 lines>...
            form.cleaned_data.get("es_anticipo_confirmado")),
            ^^^^^^^^^^^^^^^^^^^^^^^^^^^^^^^^^^^^^^^^^^^^^^^^^
    )
    ^
TypeError: registrar_pago() missing 1 required positional argument: 'request'
