Watching for file changes with StatReloader
[28/Sep/2026 19:11:31] "GET /entrar/ HTTP/1.1" 200 1811
[28/Sep/2026 19:11:31,119] - Broken pipe from ('127.0.0.1', 59003)
[28/Sep/2026 19:11:37] "GET /entrar/ HTTP/1.1" 302 0
[28/Sep/2026 19:11:37] "GET /panel/ HTTP/1.1" 200 12343
[28/Sep/2026 19:11:56] "GET / HTTP/1.1" 200 12343
[28/Sep/2026 19:26:06] "GET / HTTP/1.1" 302 0
[28/Sep/2026 19:26:06] "GET /entrar/?next=/ HTTP/1.1" 200 1811
[28/Sep/2026 19:26:07] "GET /estatico/js/app.js HTTP/1.1" 200 24242
[28/Sep/2026 19:26:07] "GET /estatico/css/estilos.css HTTP/1.1" 200 33959
Not Found: /favicon.ico
[28/Sep/2026 19:26:07] "GET /favicon.ico HTTP/1.1" 404 16504
[28/Sep/2026 19:26:35] "POST /entrar/ HTTP/1.1" 302 0
[28/Sep/2026 19:26:35] "GET /panel/ HTTP/1.1" 200 12651
[28/Sep/2026 19:26:35] "GET /estatico/js/sin-conexion.js HTTP/1.1" 200 1939
[28/Sep/2026 19:26:40] "GET /entrar/ HTTP/1.1" 200 1811
[28/Sep/2026 19:26:40,631] - Broken pipe from ('127.0.0.1', 59348)
[28/Sep/2026 19:26:42] "GET /calendario/ HTTP/1.1" 200 20745
[28/Sep/2026 19:26:46] "GET /calendario/2026/9/15/ HTTP/1.1" 200 4911
[28/Sep/2026 19:26:49] "GET /cobrar/ HTTP/1.1" 200 4392
[28/Sep/2026 19:26:53] "GET /clientes/ HTTP/1.1" 200 5573
[28/Sep/2026 19:27:02] "GET /panel/ HTTP/1.1" 200 12343
[28/Sep/2026 19:29:22] "GET /clientes/ HTTP/1.1" 200 5573
[28/Sep/2026 19:29:22] "GET /estatico/css/estilos.css HTTP/1.1" 304 0
[28/Sep/2026 19:29:24] "GET /clientes/nuevo/ HTTP/1.1" 200 8635
[28/Sep/2026 19:31:15] "POST /clientes/nuevo/ HTTP/1.1" 302 0
[28/Sep/2026 19:31:16] "GET /creditos/nuevo/?cliente=14 HTTP/1.1" 200 11317
[28/Sep/2026 19:33:15] "GET /creditos/plan/?precio_financiado=3400000&cuota_inicial=0&numero_cuotas=1&frecuencia=4&fecha_primera_cuota=2026-09-28&valor_cuota= HTTP/1.1" 200 265
[28/Sep/2026 19:33:15] "GET /creditos/plan/?precio_financiado=3400000&cuota_inicial=0&numero_cuotas=2&frecuencia=4&fecha_primera_cuota=2026-09-28&valor_cuota= HTTP/1.1" 200 323
[28/Sep/2026 19:33:16] "GET /creditos/plan/?precio_financiado=3400000&cuota_inicial=0&numero_cuotas=3&frecuencia=4&fecha_primera_cuota=2026-09-28&valor_cuota= HTTP/1.1" 200 381
[28/Sep/2026 19:33:17] "GET /creditos/plan/?precio_financiado=3400000&cuota_inicial=0&numero_cuotas=4&frecuencia=4&fecha_primera_cuota=2026-09-28&valor_cuota= HTTP/1.1" 200 433
[28/Sep/2026 19:33:19] "GET /creditos/plan/?precio_financiado=3400000&cuota_inicial=0&numero_cuotas=5&frecuencia=4&fecha_primera_cuota=2026-09-28&valor_cuota= HTTP/1.1" 200 490
[28/Sep/2026 19:33:22] "GET /creditos/plan/?precio_financiado=3400000&cuota_inicial=0&numero_cuotas=6&frecuencia=4&fecha_primera_cuota=2026-09-28&valor_cuota= HTTP/1.1" 200 547
[28/Sep/2026 19:33:23] "GET /creditos/plan/?precio_financiado=3400000&cuota_inicial=0&numero_cuotas=7&frecuencia=4&fecha_primera_cuota=2026-09-28&valor_cuota= HTTP/1.1" 200 547
[28/Sep/2026 19:33:24] "GET /creditos/plan/?precio_financiado=3400000&cuota_inicial=0&numero_cuotas=8&frecuencia=4&fecha_primera_cuota=2026-09-28&valor_cuota= HTTP/1.1" 200 547
[28/Sep/2026 19:33:26] "GET /creditos/plan/?precio_financiado=3400000&cuota_inicial=0&numero_cuotas=9&frecuencia=4&fecha_primera_cuota=2026-09-28&valor_cuota= HTTP/1.1" 200 547
[28/Sep/2026 19:33:27] "GET /creditos/plan/?precio_financiado=3400000&cuota_inicial=0&numero_cuotas=10&frecuencia=4&fecha_primera_cuota=2026-09-28&valor_cuota= HTTP/1.1" 200 548
[28/Sep/2026 19:33:28] "GET /creditos/plan/?precio_financiado=3400000&cuota_inicial=0&numero_cuotas=11&frecuencia=4&fecha_primera_cuota=2026-09-28&valor_cuota= HTTP/1.1" 200 548
[28/Sep/2026 19:33:29] "GET /creditos/plan/?precio_financiado=3400000&cuota_inicial=0&numero_cuotas=12&frecuencia=4&fecha_primera_cuota=2026-09-28&valor_cuota= HTTP/1.1" 200 548
[28/Sep/2026 19:33:30] "GET /creditos/plan/?precio_financiado=3400000&cuota_inicial=0&numero_cuotas=13&frecuencia=4&fecha_primera_cuota=2026-09-28&valor_cuota= HTTP/1.1" 200 548
[28/Sep/2026 19:33:31] "GET /creditos/plan/?precio_financiado=3400000&cuota_inicial=0&numero_cuotas=14&frecuencia=4&fecha_primera_cuota=2026-09-28&valor_cuota= HTTP/1.1" 200 548
[28/Sep/2026 19:33:32] "GET /creditos/plan/?precio_financiado=3400000&cuota_inicial=0&numero_cuotas=15&frecuencia=4&fecha_primera_cuota=2026-09-28&valor_cuota= HTTP/1.1" 200 548
[28/Sep/2026 19:33:33] "GET /creditos/plan/?precio_financiado=3400000&cuota_inicial=0&numero_cuotas=16&frecuencia=4&fecha_primera_cuota=2026-09-28&valor_cuota= HTTP/1.1" 200 548
[28/Sep/2026 19:33:34] "GET /creditos/plan/?precio_financiado=3400000&cuota_inicial=0&numero_cuotas=17&frecuencia=4&fecha_primera_cuota=2026-09-28&valor_cuota= HTTP/1.1" 200 548
[28/Sep/2026 19:33:47] "POST /creditos/nuevo/?cliente=14 HTTP/1.1" 302 0
[28/Sep/2026 19:33:47] "GET /creditos/14/ HTTP/1.1" 200 28681
[28/Sep/2026 19:33:47] "GET /estatico/css/estilos.css HTTP/1.1" 304 0
[28/Sep/2026 19:34:01] "GET /creditos/ HTTP/1.1" 200 6937
[28/Sep/2026 19:34:09] "GET /panel/ HTTP/1.1" 200 13442
[28/Sep/2026 19:34:13] "GET /api/buscar/?q=10032 HTTP/1.1" 200 360
[28/Sep/2026 19:34:13] "GET /api/buscar/?q=100324 HTTP/1.1" 200 361
[28/Sep/2026 19:34:15] "GET /clientes/14/ HTTP/1.1" 200 15227
[28/Sep/2026 19:34:22] "GET /creditos/ HTTP/1.1" 200 6937
[28/Sep/2026 19:34:23] "GET /pendientes/ HTTP/1.1" 200 7883
[28/Sep/2026 19:34:29] "GET /calendario/ HTTP/1.1" 200 21070
[28/Sep/2026 19:34:30] "GET /cobrar/ HTTP/1.1" 200 4392
[28/Sep/2026 19:34:31] "GET /pagos/ HTTP/1.1" 200 6459
[28/Sep/2026 19:34:35] "GET /reportes/ HTTP/1.1" 200 16979
[28/Sep/2026 19:34:37] "GET /configuracion/ HTTP/1.1" 200 16655
[28/Sep/2026 19:34:55] "GET /configuracion/ HTTP/1.1" 200 16655
[28/Sep/2026 19:35:00] "GET /respaldos/ HTTP/1.1" 200 9620
[28/Sep/2026 19:35:03] "POST /respaldos/nuevo/ HTTP/1.1" 302 0
[28/Sep/2026 19:35:03] "GET /respaldos/ HTTP/1.1" 200 11353
[28/Sep/2026 19:35:19] "GET /historial/ HTTP/1.1" 200 8160
[28/Sep/2026 19:35:28] "GET /configuracion/ HTTP/1.1" 200 16655
[28/Sep/2026 19:35:33] "GET /usuarios/ HTTP/1.1" 200 10306
[28/Sep/2026 19:35:48] "GET /configuracion/ HTTP/1.1" 200 16655
[28/Sep/2026 20:27:47] "GET /configuracion/ HTTP/1.1" 200 16655
[28/Sep/2026 20:27:47] "GET /estatico/css/estilos.css HTTP/1.1" 304 0
[28/Sep/2026 20:27:47] "GET /estatico/js/app.js HTTP/1.1" 304 0
[28/Sep/2026 20:27:48] "GET /configuracion/ HTTP/1.1" 200 16655
[28/Sep/2026 20:27:49] "GET /creditos/ HTTP/1.1" 200 6937
[28/Sep/2026 20:27:50] "GET /pendientes/ HTTP/1.1" 200 7883
[28/Sep/2026 20:28:00] "GET / HTTP/1.1" 302 0
[28/Sep/2026 20:28:00] "GET /entrar/?next=/ HTTP/1.1" 200 1811
[28/Sep/2026 20:28:00] "GET /estatico/css/estilos.css HTTP/1.1" 200 33959
[28/Sep/2026 20:28:00] "GET /estatico/js/app.js HTTP/1.1" 200 24242
